{"stage": "manual_core_preflight", "scene": "room0", "unix": 1791552504.1953528}
{"stage": "core_preflight_complete", "scene": "room0", "unique_core_points": 88446, "ambiguous_core_points": 0, "empty_core_objects": 10, "unix": 1791552508.4585145}
{"stage": "history_source_replay", "scene": "room0", "frames": 50, "changed_frames": 50, "fresh_projection_frames": 50, "unix": 1791552539.5804596}
{"stage": "history_source_replay", "scene": "room0", "frames": 100, "changed_frames": 100, "fresh_projection_frames": 100, "unix": 1791552567.6873374}
{"stage": "history_source_replay", "scene": "room0", "frames": 150, "changed_frames": 142, "fresh_projection_frames": 150, "unix": 1791552593.793156}
{"stage": "history_source_replay", "scene": "room0", "frames": 200, "changed_frames": 192, "fresh_projection_frames": 200, "unix": 1791552628.0816715}
{"stage": "history_source_replay", "scene": "room0", "frames": 250, "changed_frames": 242, "fresh_projection_frames": 250, "unix": 1791552660.8593967}
{"stage": "history_source_replay", "scene": "room0", "frames": 300, "changed_frames": 284, "fresh_projection_frames": 300, "unix": 1791552686.8303943}
{"stage": "history_source_replay", "scene": "room0", "frames": 350, "changed_frames": 333, "fresh_projection_frames": 350, "unix": 1791552716.9555852}
{"stage": "history_source_replay", "scene": "room0", "frames": 400, "changed_frames": 383, "fresh_projection_frames": 400, "unix": 1791552747.5638363}
{"stage": "history_votes_verified", "scene": "room0", "changed_frames": 383, "scope_points": 58683, "single_case_regression_frames": 85, "unix": 1791552748.550201}
{"stage": "history_postprocessing", "scene": "room0", "substage": "sampling_scale_m", "values": 0.010007305376753095, "unix": 1791552750.0125155}
{"stage": "history_postprocessing", "scene": "room0", "substage": "graph", "values": {"targets": 142294, "target_edges": 671034, "reliable_boundary_seeds": 64960, "all_published_boundary_points": 123362, "boundary_ids": 78}, "unix": 1791552751.928376}
{"stage": "history_postprocessing", "scene": "room0", "substage": "candidate_search", "values": {"completed": 1, "ids": 78}, "unix": 1791552751.948051}
{"stage": "history_postprocessing", "scene": "room0", "substage": "candidate_search", "values": {"completed": 21, "ids": 78}, "unix": 1791552752.2551231}
{"stage": "history_postprocessing", "scene": "room0", "substage": "candidate_search", "values": {"completed": 41, "ids": 78}, "unix": 1791552752.5270944}
{"stage": "history_postprocessing", "scene": "room0", "substage": "candidate_search", "values": {"completed": 61, "ids": 78}, "unix": 1791552752.7956803}
{"stage": "scene_mapping_complete", "scene": "room0", "final_gray_delta": -23843, "changed_labels": 32425, "seconds": 260.4555277824402, "unix": 1791552765.0220857}
{"stage": "manual_core_preflight", "scene": "room2", "unix": 1791552765.1166577}
{"stage": "core_preflight_complete", "scene": "room2", "unique_core_points": 97352, "ambiguous_core_points": 0, "empty_core_objects": 3, "unix": 1791552768.0914226}
{"stage": "history_source_replay", "scene": "room2", "frames": 50, "changed_frames": 50, "fresh_projection_frames": 50, "unix": 1791552796.1688957}
{"stage": "history_source_replay", "scene": "room2", "frames": 100, "changed_frames": 100, "fresh_projection_frames": 100, "unix": 1791552820.7707987}
{"stage": "history_source_replay", "scene": "room2", "frames": 150, "changed_frames": 150, "fresh_projection_frames": 150, "unix": 1791552851.1459422}
{"stage": "history_source_replay", "scene": "room2", "frames": 200, "changed_frames": 200, "fresh_projection_frames": 200, "unix": 1791552879.5509133}
{"stage": "history_source_replay", "scene": "room2", "frames": 250, "changed_frames": 247, "fresh_projection_frames": 250, "unix": 1791552905.9792762}
{"stage": "history_source_replay", "scene": "room2", "frames": 300, "changed_frames": 297, "fresh_projection_frames": 300, "unix": 1791552934.469953}
{"stage": "history_source_replay", "scene": "room2", "frames": 350, "changed_frames": 347, "fresh_projection_frames": 350, "unix": 1791552961.990723}
{"stage": "history_source_replay", "scene": "room2", "frames": 400, "changed_frames": 394, "fresh_projection_frames": 397, "unix": 1791552982.1937995}
{"stage": "history_votes_verified", "scene": "room2", "changed_frames": 394, "scope_points": 57509, "single_case_regression_frames": 0, "unix": 1791552983.0125883}
{"stage": "history_postprocessing", "scene": "room2", "substage": "sampling_scale_m", "values": 0.010161367219895516, "unix": 1791552984.038125}
{"stage": "history_postprocessing", "scene": "room2", "substage": "graph", "values": {"targets": 179602, "target_edges": 901672, "reliable_boundary_seeds": 69004, "all_published_boundary_points": 156201, "boundary_ids": 64}, "unix": 1791552986.4262094}
{"stage": "history_postprocessing", "scene": "room2", "substage": "candidate_search", "values": {"completed": 1, "ids": 64}, "unix": 1791552986.4617076}
{"stage": "history_postprocessing", "scene": "room2", "substage": "candidate_search", "values": {"completed": 21, "ids": 64}, "unix": 1791552986.8650703}
{"stage": "history_postprocessing", "scene": "room2", "substage": "candidate_search", "values": {"completed": 41, "ids": 64}, "unix": 1791552987.2537656}
{"stage": "history_postprocessing", "scene": "room2", "substage": "candidate_search", "values": {"completed": 61, "ids": 64}, "unix": 1791552987.653106}
{"stage": "scene_mapping_complete", "scene": "room2", "final_gray_delta": -24835, "changed_labels": 39564, "seconds": 231.53133869171143, "unix": 1791552997.008554}
{"stage": "mapping_complete", "status": "PASS", "scenes": ["room0", "room2"], "unix": 1791553001.270573}
